// Vitest Snapshot v1, https://vitest.dev/guide/snapshot.html

exports[`Dialog family — SSR snapshot harness (audit-03 rec #4) > CreateProposalDialog (children-API, OBS-704 v3 sentinel) renders Radix wrapper + trigger in SSR 1`] = `"<button data-slot="dialog-trigger" data-variant="default" data-size="default" class="inline-flex items-center justify-center gap-2 whitespace-nowrap text-sm font-medium transition-all active:scale-[0.97] disabled:pointer-events-none disabled:opacity-50 [&amp;_svg]:pointer-events-none [&amp;_svg:not([class*=&#x27;size-&#x27;])]:size-4 shrink-0 [&amp;_svg]:shrink-0 outline-none focus-visible:border-ring focus-visible:ring-ring/50 focus-visible:ring-[3px] aria-invalid:ring-destructive/20 dark:aria-invalid:ring-destructive/40 aria-invalid:border-destructive bg-primary text-primary-foreground hover:bg-primary/90 rounded-full h-9 px-4 py-2 has-[&gt;svg]:px-3" data-testid="ssr-proposal-trigger" type="button" aria-haspopup="dialog" aria-expanded="false" aria-controls="radix-_R_0_" data-state="closed">New Proposal</button>"`;

exports[`Dialog family — SSR snapshot harness (audit-03 rec #4) > DeleteCommentDialog (dialog-owns-button, AlertDialog) renders its trigger in SSR 1`] = `"<button data-slot="button" data-variant="ghost" data-size="xs" class="inline-flex items-center justify-center whitespace-nowrap font-medium transition-all active:scale-[0.97] disabled:pointer-events-none disabled:opacity-50 [&amp;_svg]:pointer-events-none shrink-0 [&amp;_svg]:shrink-0 outline-none focus-visible:border-ring focus-visible:ring-ring/50 focus-visible:ring-[3px] aria-invalid:ring-destructive/20 dark:aria-invalid:ring-destructive/40 aria-invalid:border-destructive text-slate-700 hover:bg-slate-100 hover:text-slate-950 dark:text-slate-400 dark:hover:bg-slate-800 dark:hover:text-slate-100 h-6 gap-1 rounded-md px-2 text-xs has-[&gt;svg]:px-1.5 [&amp;_svg:not([class*=&#x27;size-&#x27;])]:size-3" type="button">Delete</button>"`;

exports[`Dialog family — SSR snapshot harness (audit-03 rec #4) > EditCustomerDialog (dialog-owns-button) renders its trigger in SSR 1`] = `"<button data-slot="button" data-variant="outline" data-size="sm" class="inline-flex items-center justify-center whitespace-nowrap text-sm font-medium transition-all active:scale-[0.97] disabled:pointer-events-none disabled:opacity-50 [&amp;_svg]:pointer-events-none [&amp;_svg:not([class*=&#x27;size-&#x27;])]:size-4 shrink-0 [&amp;_svg]:shrink-0 outline-none focus-visible:border-ring focus-visible:ring-ring/50 focus-visible:ring-[3px] aria-invalid:ring-destructive/20 dark:aria-invalid:ring-destructive/40 aria-invalid:border-destructive border border-slate-200 bg-background hover:bg-slate-100 hover:text-foreground dark:border-slate-800 dark:hover:bg-slate-800 h-8 rounded-md gap-1.5 px-3 has-[&gt;svg]:px-2.5" type="button">Edit</button>"`;

exports[`Dialog family — SSR snapshot harness (audit-03 rec #4) > LogExpenseDialog (children-API) renders Radix wrapper + trigger child in SSR 1`] = `"<button data-slot="dialog-trigger" data-variant="default" data-size="default" class="inline-flex items-center justify-center gap-2 whitespace-nowrap text-sm font-medium transition-all active:scale-[0.97] disabled:pointer-events-none disabled:opacity-50 [&amp;_svg]:pointer-events-none [&amp;_svg:not([class*=&#x27;size-&#x27;])]:size-4 shrink-0 [&amp;_svg]:shrink-0 outline-none focus-visible:border-ring focus-visible:ring-ring/50 focus-visible:ring-[3px] aria-invalid:ring-destructive/20 dark:aria-invalid:ring-destructive/40 aria-invalid:border-destructive bg-primary text-primary-foreground hover:bg-primary/90 rounded-full h-9 px-4 py-2 has-[&gt;svg]:px-3" data-testid="ssr-log-expense-trigger" type="button" aria-haspopup="dialog" aria-expanded="false" aria-controls="radix-_R_0_" data-state="closed">Log expense</button>"`;
